../Core/Src/main.c:28:6:Set_Pin_Output	40	static
../Core/Src/main.c:38:6:Set_Pin_Input	40	static
../Core/Src/main.c:47:6:delay_us	16	static
../Core/Src/main.c:53:6:DHT11_Start	8	static
../Core/Src/main.c:61:9:Check_Response	16	static
../Core/Src/main.c:91:9:DHT11_Read	16	static
../Core/Src/main.c:110:5:main	16	static
../Core/Src/main.c:171:6:Display_Temp	32	static
../Core/Src/main.c:180:6:Display_Rh	32	static
../Core/Src/main.c:194:6:SystemClock_Config	96	static
../Core/Src/main.c:237:6:Error_Handler	4	static,ignoring_inline_asm
