../Core/Src/main.c:84:6:Set_Pin_Output	40	static
../Core/Src/main.c:94:6:Set_Pin_Input	40	static
../Core/Src/main.c:103:6:delay_us1	16	static
../Core/Src/main.c:109:6:DHT11_Start	8	static
../Core/Src/main.c:117:9:Check_Response	16	static
../Core/Src/main.c:147:9:DHT11_Read	16	static
../Core/Src/main.c:216:8:Display_Temp	32	static
../Core/Src/main.c:170:5:main	144	static
../Core/Src/main.c:225:8:Display_Rh	32	static
../Core/Src/main.c:457:6:SystemClock_Config	96	static
../Core/Src/main.c:510:6:Error_Handler	4	static,ignoring_inline_asm
